Looking in indexes: https://pypi.org/simple, https://pypi.nvidia.com, https://pypi.nvidia.com
Collecting git+https://github.com/MahmoudAshraf97/demucs.git (from -r /WAVE/users2/unix/kkang/SeniorDesign/Whipser-Nemo/requirements_common.txt (line 3))
  Cloning https://github.com/MahmoudAshraf97/demucs.git to ./sbatch_runtime/tmp/pip-req-build-7xaccv8f
  Resolved https://github.com/MahmoudAshraf97/demucs.git to commit 4273070a70ded308ddfd0879d267bbd06f89a1b7
  Installing build dependencies: started
  Installing build dependencies: finished with status 'done'
  Getting requirements to build wheel: started
  Getting requirements to build wheel: finished with status 'done'
  Preparing metadata (pyproject.toml): started
  Preparing metadata (pyproject.toml): finished with status 'done'
Collecting git+https://github.com/oliverguhr/deepmultilingualpunctuation.git (from -r /WAVE/users2/unix/kkang/SeniorDesign/Whipser-Nemo/requirements_common.txt (line 4))
  Cloning https://github.com/oliverguhr/deepmultilingualpunctuation.git to ./sbatch_runtime/tmp/pip-req-build-yzgujbeo
  Resolved https://github.com/oliverguhr/deepmultilingualpunctuation.git to commit 5a0dd7f4fd56687f59405aa8eba1144393d8b74b
  Installing build dependencies: started
  Installing build dependencies: finished with status 'done'
  Getting requirements to build wheel: started
  Getting requirements to build wheel: finished with status 'done'
  Preparing metadata (pyproject.toml): started
  Preparing metadata (pyproject.toml): finished with status 'done'
Collecting git+https://github.com/MahmoudAshraf97/ctc-forced-aligner.git (from -r /WAVE/users2/unix/kkang/SeniorDesign/Whipser-Nemo/requirements_common.txt (line 5))
  Cloning https://github.com/MahmoudAshraf97/ctc-forced-aligner.git to ./sbatch_runtime/tmp/pip-req-build-zxy8yzto
  Resolved https://github.com/MahmoudAshraf97/ctc-forced-aligner.git to commit e23e1525bae810f0582b6e539ce7aec63fd01196
  Installing build dependencies: started
  Installing build dependencies: finished with status 'done'
  Getting requirements to build wheel: started
  Getting requirements to build wheel: finished with status 'done'
  Preparing metadata (pyproject.toml): started
  Preparing metadata (pyproject.toml): finished with status 'done'
Requirement already satisfied: nltk in ./sbatch_runtime/.venv/lib/python3.12/site-packages (from -r /WAVE/users2/unix/kkang/SeniorDesign/Whipser-Nemo/requirements_common.txt (line 1)) (3.9.2)
Requirement already satisfied: faster-whisper>=1.1.0 in ./sbatch_runtime/.venv/lib/python3.12/site-packages (from -r /WAVE/users2/unix/kkang/SeniorDesign/Whipser-Nemo/requirements_common.txt (line 2)) (1.2.1)
Requirement already satisfied: yt-dlp>=2024.11.15 in ./sbatch_runtime/.venv/lib/python3.12/site-packages (from -r /WAVE/users2/unix/kkang/SeniorDesign/Whipser-Nemo/requirements_common.txt (line 6)) (2026.2.4)
Requirement already satisfied: imageio-ffmpeg>=0.6.0 in ./sbatch_runtime/.venv/lib/python3.12/site-packages (from -r /WAVE/users2/unix/kkang/SeniorDesign/Whipser-Nemo/requirements_common.txt (line 7)) (0.6.0)
Requirement already satisfied: nemo_toolkit==2.6.2 in ./sbatch_runtime/.venv/lib/python3.12/site-packages (from nemo_toolkit[asr]==2.6.2->-r /WAVE/users2/unix/kkang/SeniorDesign/Whipser-Nemo/requirements_nemo.txt (line 1)) (2.6.2)
Requirement already satisfied: dora-search in ./sbatch_runtime/.venv/lib/python3.12/site-packages (from demucs==4.1.0a3->-r /WAVE/users2/unix/kkang/SeniorDesign/Whipser-Nemo/requirements_common.txt (line 3)) (0.1.12)
Requirement already satisfied: einops in ./sbatch_runtime/.venv/lib/python3.12/site-packages (from demucs==4.1.0a3->-r /WAVE/users2/unix/kkang/SeniorDesign/Whipser-Nemo/requirements_common.txt (line 3)) (0.8.2)
Requirement already satisfied: julius>=0.2.3 in ./sbatch_runtime/.venv/lib/python3.12/site-packages (from demucs==4.1.0a3->-r /WAVE/users2/unix/kkang/SeniorDesign/Whipser-Nemo/requirements_common.txt (line 3)) (0.2.7)
Requirement already satisfied: lameenc>=1.2 in ./sbatch_runtime/.venv/lib/python3.12/site-packages (from demucs==4.1.0a3->-r /WAVE/users2/unix/kkang/SeniorDesign/Whipser-Nemo/requirements_common.txt (line 3)) (1.8.1)
Requirement already satisfied: openunmix in ./sbatch_runtime/.venv/lib/python3.12/site-packages (from demucs==4.1.0a3->-r /WAVE/users2/unix/kkang/SeniorDesign/Whipser-Nemo/requirements_common.txt (line 3)) (1.3.0)
Requirement already satisfied: pyyaml in ./sbatch_runtime/.venv/lib/python3.12/site-packages (from demucs==4.1.0a3->-r /WAVE/users2/unix/kkang/SeniorDesign/Whipser-Nemo/requirements_common.txt (line 3)) (6.0.3)
Requirement already satisfied: torch>=1.8.1 in ./sbatch_runtime/.venv/lib/python3.12/site-packages (from demucs==4.1.0a3->-r /WAVE/users2/unix/kkang/SeniorDesign/Whipser-Nemo/requirements_common.txt (line 3)) (2.10.0)
Requirement already satisfied: torchaudio>=0.8 in ./sbatch_runtime/.venv/lib/python3.12/site-packages (from demucs==4.1.0a3->-r /WAVE/users2/unix/kkang/SeniorDesign/Whipser-Nemo/requirements_common.txt (line 3)) (2.10.0)
Requirement already satisfied: tqdm in ./sbatch_runtime/.venv/lib/python3.12/site-packages (from demucs==4.1.0a3->-r /WAVE/users2/unix/kkang/SeniorDesign/Whipser-Nemo/requirements_common.txt (line 3)) (4.67.3)
Requirement already satisfied: transformers in ./sbatch_runtime/.venv/lib/python3.12/site-packages (from deepmultilingualpunctuation==1.0.1->-r /WAVE/users2/unix/kkang/SeniorDesign/Whipser-Nemo/requirements_common.txt (line 4)) (4.53.3)
Requirement already satisfied: uroman in ./sbatch_runtime/.venv/lib/python3.12/site-packages (from ctc-forced-aligner==0.3.0->-r /WAVE/users2/unix/kkang/SeniorDesign/Whipser-Nemo/requirements_common.txt (line 5)) (1.3.1.1)
Requirement already satisfied: torchcodec in ./sbatch_runtime/.venv/lib/python3.12/site-packages (from ctc-forced-aligner==0.3.0->-r /WAVE/users2/unix/kkang/SeniorDesign/Whipser-Nemo/requirements_common.txt (line 5)) (0.10.0)
Requirement already satisfied: Unidecode in ./sbatch_runtime/.venv/lib/python3.12/site-packages (from ctc-forced-aligner==0.3.0->-r /WAVE/users2/unix/kkang/SeniorDesign/Whipser-Nemo/requirements_common.txt (line 5)) (1.4.0)
Requirement already satisfied: fsspec==2024.12.0 in ./sbatch_runtime/.venv/lib/python3.12/site-packages (from nemo_toolkit==2.6.2->nemo_toolkit[asr]==2.6.2->-r /WAVE/users2/unix/kkang/SeniorDesign/Whipser-Nemo/requirements_nemo.txt (line 1)) (2024.12.0)
Requirement already satisfied: huggingface_hub>=0.24 in ./sbatch_runtime/.venv/lib/python3.12/site-packages (from nemo_toolkit==2.6.2->nemo_toolkit[asr]==2.6.2->-r /WAVE/users2/unix/kkang/SeniorDesign/Whipser-Nemo/requirements_nemo.txt (line 1)) (0.36.2)
Requirement already satisfied: numba-cuda==0.15.1 in ./sbatch_runtime/.venv/lib/python3.12/site-packages (from nemo_toolkit==2.6.2->nemo_toolkit[asr]==2.6.2->-r /WAVE/users2/unix/kkang/SeniorDesign/Whipser-Nemo/requirements_nemo.txt (line 1)) (0.15.1)
Requirement already satisfied: cuda-bindings in ./sbatch_runtime/.venv/lib/python3.12/site-packages (from nemo_toolkit==2.6.2->nemo_toolkit[asr]==2.6.2->-r /WAVE/users2/unix/kkang/SeniorDesign/Whipser-Nemo/requirements_nemo.txt (line 1)) (12.9.4)
Requirement already satisfied: numexpr<2.14.0 in ./sbatch_runtime/.venv/lib/python3.12/site-packages (from nemo_toolkit==2.6.2->nemo_toolkit[asr]==2.6.2->-r /WAVE/users2/unix/kkang/SeniorDesign/Whipser-Nemo/requirements_nemo.txt (line 1)) (2.13.1)
Requirement already satisfied: numpy>=1.22 in ./sbatch_runtime/.venv/lib/python3.12/site-packages (from nemo_toolkit==2.6.2->nemo_toolkit[asr]==2.6.2->-r /WAVE/users2/unix/kkang/SeniorDesign/Whipser-Nemo/requirements_nemo.txt (line 1)) (1.26.4)
Requirement already satisfied: onnx>=1.7.0 in ./sbatch_runtime/.venv/lib/python3.12/site-packages (from nemo_toolkit==2.6.2->nemo_toolkit[asr]==2.6.2->-r /WAVE/users2/unix/kkang/SeniorDesign/Whipser-Nemo/requirements_nemo.txt (line 1)) (1.20.1)
Requirement already satisfied: protobuf~=5.29.5 in ./sbatch_runtime/.venv/lib/python3.12/site-packages (from nemo_toolkit==2.6.2->nemo_toolkit[asr]==2.6.2->-r /WAVE/users2/unix/kkang/SeniorDesign/Whipser-Nemo/requirements_nemo.txt (line 1)) (5.29.6)
Requirement already satisfied: python-dateutil in ./sbatch_runtime/.venv/lib/python3.12/site-packages (from nemo_toolkit==2.6.2->nemo_toolkit[asr]==2.6.2->-r /WAVE/users2/unix/kkang/SeniorDesign/Whipser-Nemo/requirements_nemo.txt (line 1)) (2.9.0.post0)
Requirement already satisfied: ruamel.yaml in ./sbatch_runtime/.venv/lib/python3.12/site-packages (from nemo_toolkit==2.6.2->nemo_toolkit[asr]==2.6.2->-r /WAVE/users2/unix/kkang/SeniorDesign/Whipser-Nemo/requirements_nemo.txt (line 1)) (0.19.1)
Requirement already satisfied: scikit-learn in ./sbatch_runtime/.venv/lib/python3.12/site-packages (from nemo_toolkit==2.6.2->nemo_toolkit[asr]==2.6.2->-r /WAVE/users2/unix/kkang/SeniorDesign/Whipser-Nemo/requirements_nemo.txt (line 1)) (1.8.0)
Requirement already satisfied: setuptools>=70.0.0 in ./sbatch_runtime/.venv/lib/python3.12/site-packages (from nemo_toolkit==2.6.2->nemo_toolkit[asr]==2.6.2->-r /WAVE/users2/unix/kkang/SeniorDesign/Whipser-Nemo/requirements_nemo.txt (line 1)) (82.0.0)
Requirement already satisfied: tensorboard in ./sbatch_runtime/.venv/lib/python3.12/site-packages (from nemo_toolkit==2.6.2->nemo_toolkit[asr]==2.6.2->-r /WAVE/users2/unix/kkang/SeniorDesign/Whipser-Nemo/requirements_nemo.txt (line 1)) (2.20.0)
Requirement already satisfied: text-unidecode in ./sbatch_runtime/.venv/lib/python3.12/site-packages (from nemo_toolkit==2.6.2->nemo_toolkit[asr]==2.6.2->-r /WAVE/users2/unix/kkang/SeniorDesign/Whipser-Nemo/requirements_nemo.txt (line 1)) (1.3)
Requirement already satisfied: wget in ./sbatch_runtime/.venv/lib/python3.12/site-packages (from nemo_toolkit==2.6.2->nemo_toolkit[asr]==2.6.2->-r /WAVE/users2/unix/kkang/SeniorDesign/Whipser-Nemo/requirements_nemo.txt (line 1)) (3.2)
Requirement already satisfied: wrapt in ./sbatch_runtime/.venv/lib/python3.12/site-packages (from nemo_toolkit==2.6.2->nemo_toolkit[asr]==2.6.2->-r /WAVE/users2/unix/kkang/SeniorDesign/Whipser-Nemo/requirements_nemo.txt (line 1)) (2.1.1)
Requirement already satisfied: braceexpand in ./sbatch_runtime/.venv/lib/python3.12/site-packages (from nemo_toolkit[asr]==2.6.2->-r /WAVE/users2/unix/kkang/SeniorDesign/Whipser-Nemo/requirements_nemo.txt (line 1)) (0.1.7)
Requirement already satisfied: editdistance in ./sbatch_runtime/.venv/lib/python3.12/site-packages (from nemo_toolkit[asr]==2.6.2->-r /WAVE/users2/unix/kkang/SeniorDesign/Whipser-Nemo/requirements_nemo.txt (line 1)) (0.8.1)
Requirement already satisfied: jiwer<4.0.0,>=3.1.0 in ./sbatch_runtime/.venv/lib/python3.12/site-packages (from nemo_toolkit[asr]==2.6.2->-r /WAVE/users2/unix/kkang/SeniorDesign/Whipser-Nemo/requirements_nemo.txt (line 1)) (3.1.0)
Requirement already satisfied: kaldi-python-io in ./sbatch_runtime/.venv/lib/python3.12/site-packages (from nemo_toolkit[asr]==2.6.2->-r /WAVE/users2/unix/kkang/SeniorDesign/Whipser-Nemo/requirements_nemo.txt (line 1)) (1.2.2)
Requirement already satisfied: lhotse==1.31.1 in ./sbatch_runtime/.venv/lib/python3.12/site-packages (from nemo_toolkit[asr]==2.6.2->-r /WAVE/users2/unix/kkang/SeniorDesign/Whipser-Nemo/requirements_nemo.txt (line 1)) (1.31.1)
Requirement already satisfied: librosa>=0.10.1 in ./sbatch_runtime/.venv/lib/python3.12/site-packages (from nemo_toolkit[asr]==2.6.2->-r /WAVE/users2/unix/kkang/SeniorDesign/Whipser-Nemo/requirements_nemo.txt (line 1)) (0.11.0)
Requirement already satisfied: marshmallow in ./sbatch_runtime/.venv/lib/python3.12/site-packages (from nemo_toolkit[asr]==2.6.2->-r /WAVE/users2/unix/kkang/SeniorDesign/Whipser-Nemo/requirements_nemo.txt (line 1)) (4.2.2)
Requirement already satisfied: optuna in ./sbatch_runtime/.venv/lib/python3.12/site-packages (from nemo_toolkit[asr]==2.6.2->-r /WAVE/users2/unix/kkang/SeniorDesign/Whipser-Nemo/requirements_nemo.txt (line 1)) (4.7.0)
Requirement already satisfied: packaging in ./sbatch_runtime/.venv/lib/python3.12/site-packages (from nemo_toolkit[asr]==2.6.2->-r /WAVE/users2/unix/kkang/SeniorDesign/Whipser-Nemo/requirements_nemo.txt (line 1)) (24.2)
Requirement already satisfied: pyannote.core in ./sbatch_runtime/.venv/lib/python3.12/site-packages (from nemo_toolkit[asr]==2.6.2->-r /WAVE/users2/unix/kkang/SeniorDesign/Whipser-Nemo/requirements_nemo.txt (line 1)) (5.0.0)
Requirement already satisfied: pyannote.metrics in ./sbatch_runtime/.venv/lib/python3.12/site-packages (from nemo_toolkit[asr]==2.6.2->-r /WAVE/users2/unix/kkang/SeniorDesign/Whipser-Nemo/requirements_nemo.txt (line 1)) (3.2.1)
Requirement already satisfied: pydub in ./sbatch_runtime/.venv/lib/python3.12/site-packages (from nemo_toolkit[asr]==2.6.2->-r /WAVE/users2/unix/kkang/SeniorDesign/Whipser-Nemo/requirements_nemo.txt (line 1)) (0.25.1)
Requirement already satisfied: pyloudnorm in ./sbatch_runtime/.venv/lib/python3.12/site-packages (from nemo_toolkit[asr]==2.6.2->-r /WAVE/users2/unix/kkang/SeniorDesign/Whipser-Nemo/requirements_nemo.txt (line 1)) (0.2.0)
Requirement already satisfied: resampy in ./sbatch_runtime/.venv/lib/python3.12/site-packages (from nemo_toolkit[asr]==2.6.2->-r /WAVE/users2/unix/kkang/SeniorDesign/Whipser-Nemo/requirements_nemo.txt (line 1)) (0.4.3)
Requirement already satisfied: scipy>=0.14 in ./sbatch_runtime/.venv/lib/python3.12/site-packages (from nemo_toolkit[asr]==2.6.2->-r /WAVE/users2/unix/kkang/SeniorDesign/Whipser-Nemo/requirements_nemo.txt (line 1)) (1.17.0)
Requirement already satisfied: soundfile in ./sbatch_runtime/.venv/lib/python3.12/site-packages (from nemo_toolkit[asr]==2.6.2->-r /WAVE/users2/unix/kkang/SeniorDesign/Whipser-Nemo/requirements_nemo.txt (line 1)) (0.13.1)
Requirement already satisfied: sox<=1.5.0 in ./sbatch_runtime/.venv/lib/python3.12/site-packages (from nemo_toolkit[asr]==2.6.2->-r /WAVE/users2/unix/kkang/SeniorDesign/Whipser-Nemo/requirements_nemo.txt (line 1)) (1.5.0)
Requirement already satisfied: kaldialign<=0.9.1 in ./sbatch_runtime/.venv/lib/python3.12/site-packages (from nemo_toolkit[asr]==2.6.2->-r /WAVE/users2/unix/kkang/SeniorDesign/Whipser-Nemo/requirements_nemo.txt (line 1)) (0.9.1)
Requirement already satisfied: whisper_normalizer in ./sbatch_runtime/.venv/lib/python3.12/site-packages (from nemo_toolkit[asr]==2.6.2->-r /WAVE/users2/unix/kkang/SeniorDesign/Whipser-Nemo/requirements_nemo.txt (line 1)) (0.1.12)
Requirement already satisfied: datasets in ./sbatch_runtime/.venv/lib/python3.12/site-packages (from nemo_toolkit[asr]==2.6.2->-r /WAVE/users2/unix/kkang/SeniorDesign/Whipser-Nemo/requirements_nemo.txt (line 1)) (4.5.0)
Requirement already satisfied: inflect in ./sbatch_runtime/.venv/lib/python3.12/site-packages (from nemo_toolkit[asr]==2.6.2->-r /WAVE/users2/unix/kkang/SeniorDesign/Whipser-Nemo/requirements_nemo.txt (line 1)) (7.5.0)
Requirement already satisfied: mediapy==1.1.6 in ./sbatch_runtime/.venv/lib/python3.12/site-packages (from nemo_toolkit[asr]==2.6.2->-r /WAVE/users2/unix/kkang/SeniorDesign/Whipser-Nemo/requirements_nemo.txt (line 1)) (1.1.6)
Requirement already satisfied: pandas in ./sbatch_runtime/.venv/lib/python3.12/site-packages (from nemo_toolkit[asr]==2.6.2->-r /WAVE/users2/unix/kkang/SeniorDesign/Whipser-Nemo/requirements_nemo.txt (line 1)) (3.0.0)
Requirement already satisfied: sacremoses>=0.0.43 in ./sbatch_runtime/.venv/lib/python3.12/site-packages (from nemo_toolkit[asr]==2.6.2->-r /WAVE/users2/unix/kkang/SeniorDesign/Whipser-Nemo/requirements_nemo.txt (line 1)) (0.1.1)
Requirement already satisfied: sentencepiece<1.0.0 in ./sbatch_runtime/.venv/lib/python3.12/site-packages (from nemo_toolkit[asr]==2.6.2->-r /WAVE/users2/unix/kkang/SeniorDesign/Whipser-Nemo/requirements_nemo.txt (line 1)) (0.2.1)
Requirement already satisfied: cloudpickle in ./sbatch_runtime/.venv/lib/python3.12/site-packages (from nemo_toolkit[asr]==2.6.2->-r /WAVE/users2/unix/kkang/SeniorDesign/Whipser-Nemo/requirements_nemo.txt (line 1)) (3.1.2)
Requirement already satisfied: fiddle in ./sbatch_runtime/.venv/lib/python3.12/site-packages (from nemo_toolkit[asr]==2.6.2->-r /WAVE/users2/unix/kkang/SeniorDesign/Whipser-Nemo/requirements_nemo.txt (line 1)) (0.3.0)
Requirement already satisfied: hydra-core<=1.3.2,>1.3 in ./sbatch_runtime/.venv/lib/python3.12/site-packages (from nemo_toolkit[asr]==2.6.2->-r /WAVE/users2/unix/kkang/SeniorDesign/Whipser-Nemo/requirements_nemo.txt (line 1)) (1.3.2)
Requirement already satisfied: lightning<=2.4.0,>2.2.1 in ./sbatch_runtime/.venv/lib/python3.12/site-packages (from nemo_toolkit[asr]==2.6.2->-r /WAVE/users2/unix/kkang/SeniorDesign/Whipser-Nemo/requirements_nemo.txt (line 1)) (2.4.0)
Requirement already satisfied: omegaconf<=2.3 in ./sbatch_runtime/.venv/lib/python3.12/site-packages (from nemo_toolkit[asr]==2.6.2->-r /WAVE/users2/unix/kkang/SeniorDesign/Whipser-Nemo/requirements_nemo.txt (line 1)) (2.3.0)
Requirement already satisfied: peft in ./sbatch_runtime/.venv/lib/python3.12/site-packages (from nemo_toolkit[asr]==2.6.2->-r /WAVE/users2/unix/kkang/SeniorDesign/Whipser-Nemo/requirements_nemo.txt (line 1)) (0.18.1)
Requirement already satisfied: torchmetrics>=0.11.0 in ./sbatch_runtime/.venv/lib/python3.12/site-packages (from nemo_toolkit[asr]==2.6.2->-r /WAVE/users2/unix/kkang/SeniorDesign/Whipser-Nemo/requirements_nemo.txt (line 1)) (1.8.2)
Requirement already satisfied: wandb in ./sbatch_runtime/.venv/lib/python3.12/site-packages (from nemo_toolkit[asr]==2.6.2->-r /WAVE/users2/unix/kkang/SeniorDesign/Whipser-Nemo/requirements_nemo.txt (line 1)) (0.24.2)
Requirement already satisfied: webdataset>=0.2.86 in ./sbatch_runtime/.venv/lib/python3.12/site-packages (from nemo_toolkit[asr]==2.6.2->-r /WAVE/users2/unix/kkang/SeniorDesign/Whipser-Nemo/requirements_nemo.txt (line 1)) (1.0.2)
Requirement already satisfied: nv_one_logger_core>=2.3.1 in ./sbatch_runtime/.venv/lib/python3.12/site-packages (from nemo_toolkit[asr]==2.6.2->-r /WAVE/users2/unix/kkang/SeniorDesign/Whipser-Nemo/requirements_nemo.txt (line 1)) (2.3.1)
Requirement already satisfied: nv_one_logger_training_telemetry>=2.3.1 in ./sbatch_runtime/.venv/lib/python3.12/site-packages (from nemo_toolkit[asr]==2.6.2->-r /WAVE/users2/unix/kkang/SeniorDesign/Whipser-Nemo/requirements_nemo.txt (line 1)) (2.3.1)
Requirement already satisfied: nv_one_logger_pytorch_lightning_integration>=2.3.1 in ./sbatch_runtime/.venv/lib/python3.12/site-packages (from nemo_toolkit[asr]==2.6.2->-r /WAVE/users2/unix/kkang/SeniorDesign/Whipser-Nemo/requirements_nemo.txt (line 1)) (2.3.1)
Requirement already satisfied: audioread>=2.1.9 in ./sbatch_runtime/.venv/lib/python3.12/site-packages (from lhotse==1.31.1->nemo_toolkit[asr]==2.6.2->-r /WAVE/users2/unix/kkang/SeniorDesign/Whipser-Nemo/requirements_nemo.txt (line 1)) (3.1.0)
Requirement already satisfied: click>=7.1.1 in ./sbatch_runtime/.venv/lib/python3.12/site-packages (from lhotse==1.31.1->nemo_toolkit[asr]==2.6.2->-r /WAVE/users2/unix/kkang/SeniorDesign/Whipser-Nemo/requirements_nemo.txt (line 1)) (8.3.1)
Requirement already satisfied: cytoolz>=0.10.1 in ./sbatch_runtime/.venv/lib/python3.12/site-packages (from lhotse==1.31.1->nemo_toolkit[asr]==2.6.2->-r /WAVE/users2/unix/kkang/SeniorDesign/Whipser-Nemo/requirements_nemo.txt (line 1)) (1.1.0)
Requirement already satisfied: intervaltree>=3.1.0 in ./sbatch_runtime/.venv/lib/python3.12/site-packages (from lhotse==1.31.1->nemo_toolkit[asr]==2.6.2->-r /WAVE/users2/unix/kkang/SeniorDesign/Whipser-Nemo/requirements_nemo.txt (line 1)) (3.2.1)
Requirement already satisfied: tabulate>=0.8.1 in ./sbatch_runtime/.venv/lib/python3.12/site-packages (from lhotse==1.31.1->nemo_toolkit[asr]==2.6.2->-r /WAVE/users2/unix/kkang/SeniorDesign/Whipser-Nemo/requirements_nemo.txt (line 1)) (0.9.0)
Requirement already satisfied: lilcom>=1.1.0 in ./sbatch_runtime/.venv/lib/python3.12/site-packages (from lhotse==1.31.1->nemo_toolkit[asr]==2.6.2->-r /WAVE/users2/unix/kkang/SeniorDesign/Whipser-Nemo/requirements_nemo.txt (line 1)) (1.8.2)
Requirement already satisfied: ipython in ./sbatch_runtime/.venv/lib/python3.12/site-packages (from mediapy==1.1.6->nemo_toolkit[asr]==2.6.2->-r /WAVE/users2/unix/kkang/SeniorDesign/Whipser-Nemo/requirements_nemo.txt (line 1)) (9.10.0)
Requirement already satisfied: matplotlib in ./sbatch_runtime/.venv/lib/python3.12/site-packages (from mediapy==1.1.6->nemo_toolkit[asr]==2.6.2->-r /WAVE/users2/unix/kkang/SeniorDesign/Whipser-Nemo/requirements_nemo.txt (line 1)) (3.10.8)
Requirement already satisfied: Pillow in ./sbatch_runtime/.venv/lib/python3.12/site-packages (from mediapy==1.1.6->nemo_toolkit[asr]==2.6.2->-r /WAVE/users2/unix/kkang/SeniorDesign/Whipser-Nemo/requirements_nemo.txt (line 1)) (12.1.1)
Requirement already satisfied: numba>=0.59.1 in ./sbatch_runtime/.venv/lib/python3.12/site-packages (from numba-cuda==0.15.1->nemo_toolkit==2.6.2->nemo_toolkit[asr]==2.6.2->-r /WAVE/users2/unix/kkang/SeniorDesign/Whipser-Nemo/requirements_nemo.txt (line 1)) (0.63.1)
Requirement already satisfied: antlr4-python3-runtime==4.9.* in ./sbatch_runtime/.venv/lib/python3.12/site-packages (from hydra-core<=1.3.2,>1.3->nemo_toolkit[asr]==2.6.2->-r /WAVE/users2/unix/kkang/SeniorDesign/Whipser-Nemo/requirements_nemo.txt (line 1)) (4.9.3)
Requirement already satisfied: rapidfuzz>=3.9.7 in ./sbatch_runtime/.venv/lib/python3.12/site-packages (from jiwer<4.0.0,>=3.1.0->nemo_toolkit[asr]==2.6.2->-r /WAVE/users2/unix/kkang/SeniorDesign/Whipser-Nemo/requirements_nemo.txt (line 1)) (3.14.3)
Requirement already satisfied: lightning-utilities<2.0,>=0.10.0 in ./sbatch_runtime/.venv/lib/python3.12/site-packages (from lightning<=2.4.0,>2.2.1->nemo_toolkit[asr]==2.6.2->-r /WAVE/users2/unix/kkang/SeniorDesign/Whipser-Nemo/requirements_nemo.txt (line 1)) (0.15.2)
Requirement already satisfied: typing-extensions<6.0,>=4.4.0 in ./sbatch_runtime/.venv/lib/python3.12/site-packages (from lightning<=2.4.0,>2.2.1->nemo_toolkit[asr]==2.6.2->-r /WAVE/users2/unix/kkang/SeniorDesign/Whipser-Nemo/requirements_nemo.txt (line 1)) (4.15.0)
Requirement already satisfied: pytorch-lightning in ./sbatch_runtime/.venv/lib/python3.12/site-packages (from lightning<=2.4.0,>2.2.1->nemo_toolkit[asr]==2.6.2->-r /WAVE/users2/unix/kkang/SeniorDesign/Whipser-Nemo/requirements_nemo.txt (line 1)) (2.6.1)
Requirement already satisfied: aiohttp!=4.0.0a0,!=4.0.0a1 in ./sbatch_runtime/.venv/lib/python3.12/site-packages (from fsspec[http]<2026.0,>=2022.5.0->lightning<=2.4.0,>2.2.1->nemo_toolkit[asr]==2.6.2->-r /WAVE/users2/unix/kkang/SeniorDesign/Whipser-Nemo/requirements_nemo.txt (line 1)) (3.13.3)
Requirement already satisfied: filelock in ./sbatch_runtime/.venv/lib/python3.12/site-packages (from torch>=1.8.1->demucs==4.1.0a3->-r /WAVE/users2/unix/kkang/SeniorDesign/Whipser-Nemo/requirements_common.txt (line 3)) (3.21.1)
Requirement already satisfied: sympy>=1.13.3 in ./sbatch_runtime/.venv/lib/python3.12/site-packages (from torch>=1.8.1->demucs==4.1.0a3->-r /WAVE/users2/unix/kkang/SeniorDesign/Whipser-Nemo/requirements_common.txt (line 3)) (1.14.0)
Requirement already satisfied: networkx>=2.5.1 in ./sbatch_runtime/.venv/lib/python3.12/site-packages (from torch>=1.8.1->demucs==4.1.0a3->-r /WAVE/users2/unix/kkang/SeniorDesign/Whipser-Nemo/requirements_common.txt (line 3)) (3.6.1)
Requirement already satisfied: jinja2 in ./sbatch_runtime/.venv/lib/python3.12/site-packages (from torch>=1.8.1->demucs==4.1.0a3->-r /WAVE/users2/unix/kkang/SeniorDesign/Whipser-Nemo/requirements_common.txt (line 3)) (3.1.6)
Requirement already satisfied: nvidia-cuda-nvrtc-cu12==12.8.93 in ./sbatch_runtime/.venv/lib/python3.12/site-packages (from torch>=1.8.1->demucs==4.1.0a3->-r /WAVE/users2/unix/kkang/SeniorDesign/Whipser-Nemo/requirements_common.txt (line 3)) (12.8.93)
Requirement already satisfied: nvidia-cuda-runtime-cu12==12.8.90 in ./sbatch_runtime/.venv/lib/python3.12/site-packages (from torch>=1.8.1->demucs==4.1.0a3->-r /WAVE/users2/unix/kkang/SeniorDesign/Whipser-Nemo/requirements_common.txt (line 3)) (12.8.90)
Requirement already satisfied: nvidia-cuda-cupti-cu12==12.8.90 in ./sbatch_runtime/.venv/lib/python3.12/site-packages (from torch>=1.8.1->demucs==4.1.0a3->-r /WAVE/users2/unix/kkang/SeniorDesign/Whipser-Nemo/requirements_common.txt (line 3)) (12.8.90)
Requirement already satisfied: nvidia-cudnn-cu12==9.10.2.21 in ./sbatch_runtime/.venv/lib/python3.12/site-packages (from torch>=1.8.1->demucs==4.1.0a3->-r /WAVE/users2/unix/kkang/SeniorDesign/Whipser-Nemo/requirements_common.txt (line 3)) (9.10.2.21)
Requirement already satisfied: nvidia-cublas-cu12==12.8.4.1 in ./sbatch_runtime/.venv/lib/python3.12/site-packages (from torch>=1.8.1->demucs==4.1.0a3->-r /WAVE/users2/unix/kkang/SeniorDesign/Whipser-Nemo/requirements_common.txt (line 3)) (12.8.4.1)
Requirement already satisfied: nvidia-cufft-cu12==11.3.3.83 in ./sbatch_runtime/.venv/lib/python3.12/site-packages (from torch>=1.8.1->demucs==4.1.0a3->-r /WAVE/users2/unix/kkang/SeniorDesign/Whipser-Nemo/requirements_common.txt (line 3)) (11.3.3.83)
Requirement already satisfied: nvidia-curand-cu12==10.3.9.90 in ./sbatch_runtime/.venv/lib/python3.12/site-packages (from torch>=1.8.1->demucs==4.1.0a3->-r /WAVE/users2/unix/kkang/SeniorDesign/Whipser-Nemo/requirements_common.txt (line 3)) (10.3.9.90)
Requirement already satisfied: nvidia-cusolver-cu12==11.7.3.90 in ./sbatch_runtime/.venv/lib/python3.12/site-packages (from torch>=1.8.1->demucs==4.1.0a3->-r /WAVE/users2/unix/kkang/SeniorDesign/Whipser-Nemo/requirements_common.txt (line 3)) (11.7.3.90)
Requirement already satisfied: nvidia-cusparse-cu12==12.5.8.93 in ./sbatch_runtime/.venv/lib/python3.12/site-packages (from torch>=1.8.1->demucs==4.1.0a3->-r /WAVE/users2/unix/kkang/SeniorDesign/Whipser-Nemo/requirements_common.txt (line 3)) (12.5.8.93)
Requirement already satisfied: nvidia-cusparselt-cu12==0.7.1 in ./sbatch_runtime/.venv/lib/python3.12/site-packages (from torch>=1.8.1->demucs==4.1.0a3->-r /WAVE/users2/unix/kkang/SeniorDesign/Whipser-Nemo/requirements_common.txt (line 3)) (0.7.1)
Requirement already satisfied: nvidia-nccl-cu12==2.27.5 in ./sbatch_runtime/.venv/lib/python3.12/site-packages (from torch>=1.8.1->demucs==4.1.0a3->-r /WAVE/users2/unix/kkang/SeniorDesign/Whipser-Nemo/requirements_common.txt (line 3)) (2.27.5)
Requirement already satisfied: nvidia-nvshmem-cu12==3.4.5 in ./sbatch_runtime/.venv/lib/python3.12/site-packages (from torch>=1.8.1->demucs==4.1.0a3->-r /WAVE/users2/unix/kkang/SeniorDesign/Whipser-Nemo/requirements_common.txt (line 3)) (3.4.5)
Requirement already satisfied: nvidia-nvtx-cu12==12.8.90 in ./sbatch_runtime/.venv/lib/python3.12/site-packages (from torch>=1.8.1->demucs==4.1.0a3->-r /WAVE/users2/unix/kkang/SeniorDesign/Whipser-Nemo/requirements_common.txt (line 3)) (12.8.90)
Requirement already satisfied: nvidia-nvjitlink-cu12==12.8.93 in ./sbatch_runtime/.venv/lib/python3.12/site-packages (from torch>=1.8.1->demucs==4.1.0a3->-r /WAVE/users2/unix/kkang/SeniorDesign/Whipser-Nemo/requirements_common.txt (line 3)) (12.8.93)
Requirement already satisfied: nvidia-cufile-cu12==1.13.1.3 in ./sbatch_runtime/.venv/lib/python3.12/site-packages (from torch>=1.8.1->demucs==4.1.0a3->-r /WAVE/users2/unix/kkang/SeniorDesign/Whipser-Nemo/requirements_common.txt (line 3)) (1.13.1.3)
Requirement already satisfied: triton==3.6.0 in ./sbatch_runtime/.venv/lib/python3.12/site-packages (from torch>=1.8.1->demucs==4.1.0a3->-r /WAVE/users2/unix/kkang/SeniorDesign/Whipser-Nemo/requirements_common.txt (line 3)) (3.6.0)
Requirement already satisfied: cuda-pathfinder~=1.1 in ./sbatch_runtime/.venv/lib/python3.12/site-packages (from cuda-bindings->nemo_toolkit==2.6.2->nemo_toolkit[asr]==2.6.2->-r /WAVE/users2/unix/kkang/SeniorDesign/Whipser-Nemo/requirements_nemo.txt (line 1)) (1.3.4)
Requirement already satisfied: regex!=2019.12.17 in ./sbatch_runtime/.venv/lib/python3.12/site-packages (from transformers->deepmultilingualpunctuation==1.0.1->-r /WAVE/users2/unix/kkang/SeniorDesign/Whipser-Nemo/requirements_common.txt (line 4)) (2026.1.15)
Requirement already satisfied: requests in ./sbatch_runtime/.venv/lib/python3.12/site-packages (from transformers->deepmultilingualpunctuation==1.0.1->-r /WAVE/users2/unix/kkang/SeniorDesign/Whipser-Nemo/requirements_common.txt (line 4)) (2.32.5)
Requirement already satisfied: tokenizers<0.22,>=0.21 in ./sbatch_runtime/.venv/lib/python3.12/site-packages (from transformers->deepmultilingualpunctuation==1.0.1->-r /WAVE/users2/unix/kkang/SeniorDesign/Whipser-Nemo/requirements_common.txt (line 4)) (0.21.4)
Requirement already satisfied: safetensors>=0.4.3 in ./sbatch_runtime/.venv/lib/python3.12/site-packages (from transformers->deepmultilingualpunctuation==1.0.1->-r /WAVE/users2/unix/kkang/SeniorDesign/Whipser-Nemo/requirements_common.txt (line 4)) (0.7.0)
Requirement already satisfied: hf-xet<2.0.0,>=1.1.3 in ./sbatch_runtime/.venv/lib/python3.12/site-packages (from huggingface_hub>=0.24->nemo_toolkit==2.6.2->nemo_toolkit[asr]==2.6.2->-r /WAVE/users2/unix/kkang/SeniorDesign/Whipser-Nemo/requirements_nemo.txt (line 1)) (1.2.0)
Requirement already satisfied: joblib in ./sbatch_runtime/.venv/lib/python3.12/site-packages (from nltk->-r /WAVE/users2/unix/kkang/SeniorDesign/Whipser-Nemo/requirements_common.txt (line 1)) (1.5.3)
Requirement already satisfied: ctranslate2<5,>=4.0 in ./sbatch_runtime/.venv/lib/python3.12/site-packages (from faster-whisper>=1.1.0->-r /WAVE/users2/unix/kkang/SeniorDesign/Whipser-Nemo/requirements_common.txt (line 2)) (4.7.1)
Requirement already satisfied: onnxruntime<2,>=1.14 in ./sbatch_runtime/.venv/lib/python3.12/site-packages (from faster-whisper>=1.1.0->-r /WAVE/users2/unix/kkang/SeniorDesign/Whipser-Nemo/requirements_common.txt (line 2)) (1.24.1)
Requirement already satisfied: av>=11 in ./sbatch_runtime/.venv/lib/python3.12/site-packages (from faster-whisper>=1.1.0->-r /WAVE/users2/unix/kkang/SeniorDesign/Whipser-Nemo/requirements_common.txt (line 2)) (16.1.0)
Requirement already satisfied: flatbuffers in ./sbatch_runtime/.venv/lib/python3.12/site-packages (from onnxruntime<2,>=1.14->faster-whisper>=1.1.0->-r /WAVE/users2/unix/kkang/SeniorDesign/Whipser-Nemo/requirements_common.txt (line 2)) (25.12.19)
Requirement already satisfied: aiohappyeyeballs>=2.5.0 in ./sbatch_runtime/.venv/lib/python3.12/site-packages (from aiohttp!=4.0.0a0,!=4.0.0a1->fsspec[http]<2026.0,>=2022.5.0->lightning<=2.4.0,>2.2.1->nemo_toolkit[asr]==2.6.2->-r /WAVE/users2/unix/kkang/SeniorDesign/Whipser-Nemo/requirements_nemo.txt (line 1)) (2.6.1)
Requirement already satisfied: aiosignal>=1.4.0 in ./sbatch_runtime/.venv/lib/python3.12/site-packages (from aiohttp!=4.0.0a0,!=4.0.0a1->fsspec[http]<2026.0,>=2022.5.0->lightning<=2.4.0,>2.2.1->nemo_toolkit[asr]==2.6.2->-r /WAVE/users2/unix/kkang/SeniorDesign/Whipser-Nemo/requirements_nemo.txt (line 1)) (1.4.0)
Requirement already satisfied: attrs>=17.3.0 in ./sbatch_runtime/.venv/lib/python3.12/site-packages (from aiohttp!=4.0.0a0,!=4.0.0a1->fsspec[http]<2026.0,>=2022.5.0->lightning<=2.4.0,>2.2.1->nemo_toolkit[asr]==2.6.2->-r /WAVE/users2/unix/kkang/SeniorDesign/Whipser-Nemo/requirements_nemo.txt (line 1)) (25.4.0)
Requirement already satisfied: frozenlist>=1.1.1 in ./sbatch_runtime/.venv/lib/python3.12/site-packages (from aiohttp!=4.0.0a0,!=4.0.0a1->fsspec[http]<2026.0,>=2022.5.0->lightning<=2.4.0,>2.2.1->nemo_toolkit[asr]==2.6.2->-r /WAVE/users2/unix/kkang/SeniorDesign/Whipser-Nemo/requirements_nemo.txt (line 1)) (1.8.0)
Requirement already satisfied: multidict<7.0,>=4.5 in ./sbatch_runtime/.venv/lib/python3.12/site-packages (from aiohttp!=4.0.0a0,!=4.0.0a1->fsspec[http]<2026.0,>=2022.5.0->lightning<=2.4.0,>2.2.1->nemo_toolkit[asr]==2.6.2->-r /WAVE/users2/unix/kkang/SeniorDesign/Whipser-Nemo/requirements_nemo.txt (line 1)) (6.7.1)
Requirement already satisfied: propcache>=0.2.0 in ./sbatch_runtime/.venv/lib/python3.12/site-packages (from aiohttp!=4.0.0a0,!=4.0.0a1->fsspec[http]<2026.0,>=2022.5.0->lightning<=2.4.0,>2.2.1->nemo_toolkit[asr]==2.6.2->-r /WAVE/users2/unix/kkang/SeniorDesign/Whipser-Nemo/requirements_nemo.txt (line 1)) (0.4.1)
Requirement already satisfied: yarl<2.0,>=1.17.0 in ./sbatch_runtime/.venv/lib/python3.12/site-packages (from aiohttp!=4.0.0a0,!=4.0.0a1->fsspec[http]<2026.0,>=2022.5.0->lightning<=2.4.0,>2.2.1->nemo_toolkit[asr]==2.6.2->-r /WAVE/users2/unix/kkang/SeniorDesign/Whipser-Nemo/requirements_nemo.txt (line 1)) (1.22.0)
Requirement already satisfied: idna>=2.0 in ./sbatch_runtime/.venv/lib/python3.12/site-packages (from yarl<2.0,>=1.17.0->aiohttp!=4.0.0a0,!=4.0.0a1->fsspec[http]<2026.0,>=2022.5.0->lightning<=2.4.0,>2.2.1->nemo_toolkit[asr]==2.6.2->-r /WAVE/users2/unix/kkang/SeniorDesign/Whipser-Nemo/requirements_nemo.txt (line 1)) (3.11)
Requirement already satisfied: toolz>=0.8.0 in ./sbatch_runtime/.venv/lib/python3.12/site-packages (from cytoolz>=0.10.1->lhotse==1.31.1->nemo_toolkit[asr]==2.6.2->-r /WAVE/users2/unix/kkang/SeniorDesign/Whipser-Nemo/requirements_nemo.txt (line 1)) (1.1.0)
Requirement already satisfied: sortedcontainers in ./sbatch_runtime/.venv/lib/python3.12/site-packages (from intervaltree>=3.1.0->lhotse==1.31.1->nemo_toolkit[asr]==2.6.2->-r /WAVE/users2/unix/kkang/SeniorDesign/Whipser-Nemo/requirements_nemo.txt (line 1)) (2.4.0)
Requirement already satisfied: decorator>=4.3.0 in ./sbatch_runtime/.venv/lib/python3.12/site-packages (from librosa>=0.10.1->nemo_toolkit[asr]==2.6.2->-r /WAVE/users2/unix/kkang/SeniorDesign/Whipser-Nemo/requirements_nemo.txt (line 1)) (5.2.1)
Requirement already satisfied: pooch>=1.1 in ./sbatch_runtime/.venv/lib/python3.12/site-packages (from librosa>=0.10.1->nemo_toolkit[asr]==2.6.2->-r /WAVE/users2/unix/kkang/SeniorDesign/Whipser-Nemo/requirements_nemo.txt (line 1)) (1.9.0)
Requirement already satisfied: soxr>=0.3.2 in ./sbatch_runtime/.venv/lib/python3.12/site-packages (from librosa>=0.10.1->nemo_toolkit[asr]==2.6.2->-r /WAVE/users2/unix/kkang/SeniorDesign/Whipser-Nemo/requirements_nemo.txt (line 1)) (1.0.0)
Requirement already satisfied: lazy_loader>=0.1 in ./sbatch_runtime/.venv/lib/python3.12/site-packages (from librosa>=0.10.1->nemo_toolkit[asr]==2.6.2->-r /WAVE/users2/unix/kkang/SeniorDesign/Whipser-Nemo/requirements_nemo.txt (line 1)) (0.4)
Requirement already satisfied: msgpack>=1.0 in ./sbatch_runtime/.venv/lib/python3.12/site-packages (from librosa>=0.10.1->nemo_toolkit[asr]==2.6.2->-r /WAVE/users2/unix/kkang/SeniorDesign/Whipser-Nemo/requirements_nemo.txt (line 1)) (1.1.2)
Requirement already satisfied: llvmlite<0.47,>=0.46.0dev0 in ./sbatch_runtime/.venv/lib/python3.12/site-packages (from numba>=0.59.1->numba-cuda==0.15.1->nemo_toolkit==2.6.2->nemo_toolkit[asr]==2.6.2->-r /WAVE/users2/unix/kkang/SeniorDesign/Whipser-Nemo/requirements_nemo.txt (line 1)) (0.46.0)
Requirement already satisfied: StrEnum<0.5.0,>=0.4.0 in ./sbatch_runtime/.venv/lib/python3.12/site-packages (from nv_one_logger_core>=2.3.1->nemo_toolkit[asr]==2.6.2->-r /WAVE/users2/unix/kkang/SeniorDesign/Whipser-Nemo/requirements_nemo.txt (line 1)) (0.4.15)
Requirement already satisfied: overrides<8.0.0,>=7.7.0 in ./sbatch_runtime/.venv/lib/python3.12/site-packages (from nv_one_logger_core>=2.3.1->nemo_toolkit[asr]==2.6.2->-r /WAVE/users2/unix/kkang/SeniorDesign/Whipser-Nemo/requirements_nemo.txt (line 1)) (7.7.0)
Requirement already satisfied: pydantic<3.0.0,>=2.10.6 in ./sbatch_runtime/.venv/lib/python3.12/site-packages (from nv_one_logger_core>=2.3.1->nemo_toolkit[asr]==2.6.2->-r /WAVE/users2/unix/kkang/SeniorDesign/Whipser-Nemo/requirements_nemo.txt (line 1)) (2.12.5)
Requirement already satisfied: toml<0.11.0,>=0.10.2 in ./sbatch_runtime/.venv/lib/python3.12/site-packages (from nv_one_logger_core>=2.3.1->nemo_toolkit[asr]==2.6.2->-r /WAVE/users2/unix/kkang/SeniorDesign/Whipser-Nemo/requirements_nemo.txt (line 1)) (0.10.2)
Requirement already satisfied: annotated-types>=0.6.0 in ./sbatch_runtime/.venv/lib/python3.12/site-packages (from pydantic<3.0.0,>=2.10.6->nv_one_logger_core>=2.3.1->nemo_toolkit[asr]==2.6.2->-r /WAVE/users2/unix/kkang/SeniorDesign/Whipser-Nemo/requirements_nemo.txt (line 1)) (0.7.0)
Requirement already satisfied: pydantic-core==2.41.5 in ./sbatch_runtime/.venv/lib/python3.12/site-packages (from pydantic<3.0.0,>=2.10.6->nv_one_logger_core>=2.3.1->nemo_toolkit[asr]==2.6.2->-r /WAVE/users2/unix/kkang/SeniorDesign/Whipser-Nemo/requirements_nemo.txt (line 1)) (2.41.5)
Requirement already satisfied: typing-inspection>=0.4.2 in ./sbatch_runtime/.venv/lib/python3.12/site-packages (from pydantic<3.0.0,>=2.10.6->nv_one_logger_core>=2.3.1->nemo_toolkit[asr]==2.6.2->-r /WAVE/users2/unix/kkang/SeniorDesign/Whipser-Nemo/requirements_nemo.txt (line 1)) (0.4.2)
Requirement already satisfied: ml_dtypes>=0.5.0 in ./sbatch_runtime/.venv/lib/python3.12/site-packages (from onnx>=1.7.0->nemo_toolkit==2.6.2->nemo_toolkit[asr]==2.6.2->-r /WAVE/users2/unix/kkang/SeniorDesign/Whipser-Nemo/requirements_nemo.txt (line 1)) (0.5.4)
Requirement already satisfied: platformdirs>=2.5.0 in ./sbatch_runtime/.venv/lib/python3.12/site-packages (from pooch>=1.1->librosa>=0.10.1->nemo_toolkit[asr]==2.6.2->-r /WAVE/users2/unix/kkang/SeniorDesign/Whipser-Nemo/requirements_nemo.txt (line 1)) (4.7.0)
Requirement already satisfied: charset_normalizer<4,>=2 in ./sbatch_runtime/.venv/lib/python3.12/site-packages (from requests->transformers->deepmultilingualpunctuation==1.0.1->-r /WAVE/users2/unix/kkang/SeniorDesign/Whipser-Nemo/requirements_common.txt (line 4)) (3.4.4)
Requirement already satisfied: urllib3<3,>=1.21.1 in ./sbatch_runtime/.venv/lib/python3.12/site-packages (from requests->transformers->deepmultilingualpunctuation==1.0.1->-r /WAVE/users2/unix/kkang/SeniorDesign/Whipser-Nemo/requirements_common.txt (line 4)) (2.6.3)
Requirement already satisfied: certifi>=2017.4.17 in ./sbatch_runtime/.venv/lib/python3.12/site-packages (from requests->transformers->deepmultilingualpunctuation==1.0.1->-r /WAVE/users2/unix/kkang/SeniorDesign/Whipser-Nemo/requirements_common.txt (line 4)) (2026.1.4)
Requirement already satisfied: threadpoolctl>=3.2.0 in ./sbatch_runtime/.venv/lib/python3.12/site-packages (from scikit-learn->nemo_toolkit==2.6.2->nemo_toolkit[asr]==2.6.2->-r /WAVE/users2/unix/kkang/SeniorDesign/Whipser-Nemo/requirements_nemo.txt (line 1)) (3.6.0)
Requirement already satisfied: cffi>=1.0 in ./sbatch_runtime/.venv/lib/python3.12/site-packages (from soundfile->nemo_toolkit[asr]==2.6.2->-r /WAVE/users2/unix/kkang/SeniorDesign/Whipser-Nemo/requirements_nemo.txt (line 1)) (2.0.0)
Requirement already satisfied: pycparser in ./sbatch_runtime/.venv/lib/python3.12/site-packages (from cffi>=1.0->soundfile->nemo_toolkit[asr]==2.6.2->-r /WAVE/users2/unix/kkang/SeniorDesign/Whipser-Nemo/requirements_nemo.txt (line 1)) (3.0)
Requirement already satisfied: mpmath<1.4,>=1.1.0 in ./sbatch_runtime/.venv/lib/python3.12/site-packages (from sympy>=1.13.3->torch>=1.8.1->demucs==4.1.0a3->-r /WAVE/users2/unix/kkang/SeniorDesign/Whipser-Nemo/requirements_common.txt (line 3)) (1.3.0)
Requirement already satisfied: pyarrow>=21.0.0 in ./sbatch_runtime/.venv/lib/python3.12/site-packages (from datasets->nemo_toolkit[asr]==2.6.2->-r /WAVE/users2/unix/kkang/SeniorDesign/Whipser-Nemo/requirements_nemo.txt (line 1)) (23.0.0)
Requirement already satisfied: dill<0.4.1,>=0.3.0 in ./sbatch_runtime/.venv/lib/python3.12/site-packages (from datasets->nemo_toolkit[asr]==2.6.2->-r /WAVE/users2/unix/kkang/SeniorDesign/Whipser-Nemo/requirements_nemo.txt (line 1)) (0.4.0)
Requirement already satisfied: httpx<1.0.0 in ./sbatch_runtime/.venv/lib/python3.12/site-packages (from datasets->nemo_toolkit[asr]==2.6.2->-r /WAVE/users2/unix/kkang/SeniorDesign/Whipser-Nemo/requirements_nemo.txt (line 1)) (0.28.1)
Requirement already satisfied: xxhash in ./sbatch_runtime/.venv/lib/python3.12/site-packages (from datasets->nemo_toolkit[asr]==2.6.2->-r /WAVE/users2/unix/kkang/SeniorDesign/Whipser-Nemo/requirements_nemo.txt (line 1)) (3.6.0)
Requirement already satisfied: multiprocess<0.70.19 in ./sbatch_runtime/.venv/lib/python3.12/site-packages (from datasets->nemo_toolkit[asr]==2.6.2->-r /WAVE/users2/unix/kkang/SeniorDesign/Whipser-Nemo/requirements_nemo.txt (line 1)) (0.70.18)
Requirement already satisfied: anyio in ./sbatch_runtime/.venv/lib/python3.12/site-packages (from httpx<1.0.0->datasets->nemo_toolkit[asr]==2.6.2->-r /WAVE/users2/unix/kkang/SeniorDesign/Whipser-Nemo/requirements_nemo.txt (line 1)) (4.12.1)
Requirement already satisfied: httpcore==1.* in ./sbatch_runtime/.venv/lib/python3.12/site-packages (from httpx<1.0.0->datasets->nemo_toolkit[asr]==2.6.2->-r /WAVE/users2/unix/kkang/SeniorDesign/Whipser-Nemo/requirements_nemo.txt (line 1)) (1.0.9)
Requirement already satisfied: h11>=0.16 in ./sbatch_runtime/.venv/lib/python3.12/site-packages (from httpcore==1.*->httpx<1.0.0->datasets->nemo_toolkit[asr]==2.6.2->-r /WAVE/users2/unix/kkang/SeniorDesign/Whipser-Nemo/requirements_nemo.txt (line 1)) (0.16.0)
Requirement already satisfied: retrying in ./sbatch_runtime/.venv/lib/python3.12/site-packages (from dora-search->demucs==4.1.0a3->-r /WAVE/users2/unix/kkang/SeniorDesign/Whipser-Nemo/requirements_common.txt (line 3)) (1.4.2)
Requirement already satisfied: submitit in ./sbatch_runtime/.venv/lib/python3.12/site-packages (from dora-search->demucs==4.1.0a3->-r /WAVE/users2/unix/kkang/SeniorDesign/Whipser-Nemo/requirements_common.txt (line 3)) (1.5.4)
Requirement already satisfied: treetable in ./sbatch_runtime/.venv/lib/python3.12/site-packages (from dora-search->demucs==4.1.0a3->-r /WAVE/users2/unix/kkang/SeniorDesign/Whipser-Nemo/requirements_common.txt (line 3)) (0.2.6)
Requirement already satisfied: absl-py in ./sbatch_runtime/.venv/lib/python3.12/site-packages (from fiddle->nemo_toolkit[asr]==2.6.2->-r /WAVE/users2/unix/kkang/SeniorDesign/Whipser-Nemo/requirements_nemo.txt (line 1)) (2.4.0)
Requirement already satisfied: graphviz in ./sbatch_runtime/.venv/lib/python3.12/site-packages (from fiddle->nemo_toolkit[asr]==2.6.2->-r /WAVE/users2/unix/kkang/SeniorDesign/Whipser-Nemo/requirements_nemo.txt (line 1)) (0.21)
Requirement already satisfied: libcst in ./sbatch_runtime/.venv/lib/python3.12/site-packages (from fiddle->nemo_toolkit[asr]==2.6.2->-r /WAVE/users2/unix/kkang/SeniorDesign/Whipser-Nemo/requirements_nemo.txt (line 1)) (1.8.6)
Requirement already satisfied: more_itertools>=8.5.0 in ./sbatch_runtime/.venv/lib/python3.12/site-packages (from inflect->nemo_toolkit[asr]==2.6.2->-r /WAVE/users2/unix/kkang/SeniorDesign/Whipser-Nemo/requirements_nemo.txt (line 1)) (10.8.0)
Requirement already satisfied: typeguard>=4.0.1 in ./sbatch_runtime/.venv/lib/python3.12/site-packages (from inflect->nemo_toolkit[asr]==2.6.2->-r /WAVE/users2/unix/kkang/SeniorDesign/Whipser-Nemo/requirements_nemo.txt (line 1)) (4.4.4)
Requirement already satisfied: ipython-pygments-lexers>=1.0.0 in ./sbatch_runtime/.venv/lib/python3.12/site-packages (from ipython->mediapy==1.1.6->nemo_toolkit[asr]==2.6.2->-r /WAVE/users2/unix/kkang/SeniorDesign/Whipser-Nemo/requirements_nemo.txt (line 1)) (1.1.1)
Requirement already satisfied: jedi>=0.18.1 in ./sbatch_runtime/.venv/lib/python3.12/site-packages (from ipython->mediapy==1.1.6->nemo_toolkit[asr]==2.6.2->-r /WAVE/users2/unix/kkang/SeniorDesign/Whipser-Nemo/requirements_nemo.txt (line 1)) (0.19.2)
Requirement already satisfied: matplotlib-inline>=0.1.5 in ./sbatch_runtime/.venv/lib/python3.12/site-packages (from ipython->mediapy==1.1.6->nemo_toolkit[asr]==2.6.2->-r /WAVE/users2/unix/kkang/SeniorDesign/Whipser-Nemo/requirements_nemo.txt (line 1)) (0.2.1)
Requirement already satisfied: pexpect>4.3 in ./sbatch_runtime/.venv/lib/python3.12/site-packages (from ipython->mediapy==1.1.6->nemo_toolkit[asr]==2.6.2->-r /WAVE/users2/unix/kkang/SeniorDesign/Whipser-Nemo/requirements_nemo.txt (line 1)) (4.9.0)
Requirement already satisfied: prompt_toolkit<3.1.0,>=3.0.41 in ./sbatch_runtime/.venv/lib/python3.12/site-packages (from ipython->mediapy==1.1.6->nemo_toolkit[asr]==2.6.2->-r /WAVE/users2/unix/kkang/SeniorDesign/Whipser-Nemo/requirements_nemo.txt (line 1)) (3.0.52)
Requirement already satisfied: pygments>=2.11.0 in ./sbatch_runtime/.venv/lib/python3.12/site-packages (from ipython->mediapy==1.1.6->nemo_toolkit[asr]==2.6.2->-r /WAVE/users2/unix/kkang/SeniorDesign/Whipser-Nemo/requirements_nemo.txt (line 1)) (2.19.2)
Requirement already satisfied: stack_data>=0.6.0 in ./sbatch_runtime/.venv/lib/python3.12/site-packages (from ipython->mediapy==1.1.6->nemo_toolkit[asr]==2.6.2->-r /WAVE/users2/unix/kkang/SeniorDesign/Whipser-Nemo/requirements_nemo.txt (line 1)) (0.6.3)
Requirement already satisfied: traitlets>=5.13.0 in ./sbatch_runtime/.venv/lib/python3.12/site-packages (from ipython->mediapy==1.1.6->nemo_toolkit[asr]==2.6.2->-r /WAVE/users2/unix/kkang/SeniorDesign/Whipser-Nemo/requirements_nemo.txt (line 1)) (5.14.3)
Requirement already satisfied: wcwidth in ./sbatch_runtime/.venv/lib/python3.12/site-packages (from prompt_toolkit<3.1.0,>=3.0.41->ipython->mediapy==1.1.6->nemo_toolkit[asr]==2.6.2->-r /WAVE/users2/unix/kkang/SeniorDesign/Whipser-Nemo/requirements_nemo.txt (line 1)) (0.6.0)
Requirement already satisfied: parso<0.9.0,>=0.8.4 in ./sbatch_runtime/.venv/lib/python3.12/site-packages (from jedi>=0.18.1->ipython->mediapy==1.1.6->nemo_toolkit[asr]==2.6.2->-r /WAVE/users2/unix/kkang/SeniorDesign/Whipser-Nemo/requirements_nemo.txt (line 1)) (0.8.6)
Requirement already satisfied: ptyprocess>=0.5 in ./sbatch_runtime/.venv/lib/python3.12/site-packages (from pexpect>4.3->ipython->mediapy==1.1.6->nemo_toolkit[asr]==2.6.2->-r /WAVE/users2/unix/kkang/SeniorDesign/Whipser-Nemo/requirements_nemo.txt (line 1)) (0.7.0)
Requirement already satisfied: executing>=1.2.0 in ./sbatch_runtime/.venv/lib/python3.12/site-packages (from stack_data>=0.6.0->ipython->mediapy==1.1.6->nemo_toolkit[asr]==2.6.2->-r /WAVE/users2/unix/kkang/SeniorDesign/Whipser-Nemo/requirements_nemo.txt (line 1)) (2.2.1)
Requirement already satisfied: asttokens>=2.1.0 in ./sbatch_runtime/.venv/lib/python3.12/site-packages (from stack_data>=0.6.0->ipython->mediapy==1.1.6->nemo_toolkit[asr]==2.6.2->-r /WAVE/users2/unix/kkang/SeniorDesign/Whipser-Nemo/requirements_nemo.txt (line 1)) (3.0.1)
Requirement already satisfied: pure-eval in ./sbatch_runtime/.venv/lib/python3.12/site-packages (from stack_data>=0.6.0->ipython->mediapy==1.1.6->nemo_toolkit[asr]==2.6.2->-r /WAVE/users2/unix/kkang/SeniorDesign/Whipser-Nemo/requirements_nemo.txt (line 1)) (0.2.3)
Requirement already satisfied: MarkupSafe>=2.0 in ./sbatch_runtime/.venv/lib/python3.12/site-packages (from jinja2->torch>=1.8.1->demucs==4.1.0a3->-r /WAVE/users2/unix/kkang/SeniorDesign/Whipser-Nemo/requirements_common.txt (line 3)) (3.0.3)
Requirement already satisfied: contourpy>=1.0.1 in ./sbatch_runtime/.venv/lib/python3.12/site-packages (from matplotlib->mediapy==1.1.6->nemo_toolkit[asr]==2.6.2->-r /WAVE/users2/unix/kkang/SeniorDesign/Whipser-Nemo/requirements_nemo.txt (line 1)) (1.3.3)
Requirement already satisfied: cycler>=0.10 in ./sbatch_runtime/.venv/lib/python3.12/site-packages (from matplotlib->mediapy==1.1.6->nemo_toolkit[asr]==2.6.2->-r /WAVE/users2/unix/kkang/SeniorDesign/Whipser-Nemo/requirements_nemo.txt (line 1)) (0.12.1)
Requirement already satisfied: fonttools>=4.22.0 in ./sbatch_runtime/.venv/lib/python3.12/site-packages (from matplotlib->mediapy==1.1.6->nemo_toolkit[asr]==2.6.2->-r /WAVE/users2/unix/kkang/SeniorDesign/Whipser-Nemo/requirements_nemo.txt (line 1)) (4.61.1)
Requirement already satisfied: kiwisolver>=1.3.1 in ./sbatch_runtime/.venv/lib/python3.12/site-packages (from matplotlib->mediapy==1.1.6->nemo_toolkit[asr]==2.6.2->-r /WAVE/users2/unix/kkang/SeniorDesign/Whipser-Nemo/requirements_nemo.txt (line 1)) (1.4.9)
Requirement already satisfied: pyparsing>=3 in ./sbatch_runtime/.venv/lib/python3.12/site-packages (from matplotlib->mediapy==1.1.6->nemo_toolkit[asr]==2.6.2->-r /WAVE/users2/unix/kkang/SeniorDesign/Whipser-Nemo/requirements_nemo.txt (line 1)) (3.3.2)
Requirement already satisfied: six>=1.5 in ./sbatch_runtime/.venv/lib/python3.12/site-packages (from python-dateutil->nemo_toolkit==2.6.2->nemo_toolkit[asr]==2.6.2->-r /WAVE/users2/unix/kkang/SeniorDesign/Whipser-Nemo/requirements_nemo.txt (line 1)) (1.17.0)
Requirement already satisfied: alembic>=1.5.0 in ./sbatch_runtime/.venv/lib/python3.12/site-packages (from optuna->nemo_toolkit[asr]==2.6.2->-r /WAVE/users2/unix/kkang/SeniorDesign/Whipser-Nemo/requirements_nemo.txt (line 1)) (1.18.4)
Requirement already satisfied: colorlog in ./sbatch_runtime/.venv/lib/python3.12/site-packages (from optuna->nemo_toolkit[asr]==2.6.2->-r /WAVE/users2/unix/kkang/SeniorDesign/Whipser-Nemo/requirements_nemo.txt (line 1)) (6.10.1)
Requirement already satisfied: sqlalchemy>=1.4.2 in ./sbatch_runtime/.venv/lib/python3.12/site-packages (from optuna->nemo_toolkit[asr]==2.6.2->-r /WAVE/users2/unix/kkang/SeniorDesign/Whipser-Nemo/requirements_nemo.txt (line 1)) (2.0.46)
Requirement already satisfied: Mako in ./sbatch_runtime/.venv/lib/python3.12/site-packages (from alembic>=1.5.0->optuna->nemo_toolkit[asr]==2.6.2->-r /WAVE/users2/unix/kkang/SeniorDesign/Whipser-Nemo/requirements_nemo.txt (line 1)) (1.3.10)
Requirement already satisfied: greenlet>=1 in ./sbatch_runtime/.venv/lib/python3.12/site-packages (from sqlalchemy>=1.4.2->optuna->nemo_toolkit[asr]==2.6.2->-r /WAVE/users2/unix/kkang/SeniorDesign/Whipser-Nemo/requirements_nemo.txt (line 1)) (3.3.1)
Requirement already satisfied: psutil in ./sbatch_runtime/.venv/lib/python3.12/site-packages (from peft->nemo_toolkit[asr]==2.6.2->-r /WAVE/users2/unix/kkang/SeniorDesign/Whipser-Nemo/requirements_nemo.txt (line 1)) (7.2.2)
Requirement already satisfied: accelerate>=0.21.0 in ./sbatch_runtime/.venv/lib/python3.12/site-packages (from peft->nemo_toolkit[asr]==2.6.2->-r /WAVE/users2/unix/kkang/SeniorDesign/Whipser-Nemo/requirements_nemo.txt (line 1)) (1.12.0)
Requirement already satisfied: pyannote.database>=4.0.1 in ./sbatch_runtime/.venv/lib/python3.12/site-packages (from pyannote.metrics->nemo_toolkit[asr]==2.6.2->-r /WAVE/users2/unix/kkang/SeniorDesign/Whipser-Nemo/requirements_nemo.txt (line 1)) (5.1.3)
Requirement already satisfied: docopt>=0.6.2 in ./sbatch_runtime/.venv/lib/python3.12/site-packages (from pyannote.metrics->nemo_toolkit[asr]==2.6.2->-r /WAVE/users2/unix/kkang/SeniorDesign/Whipser-Nemo/requirements_nemo.txt (line 1)) (0.6.2)
Requirement already satisfied: typer>=0.12.1 in ./sbatch_runtime/.venv/lib/python3.12/site-packages (from pyannote.database>=4.0.1->pyannote.metrics->nemo_toolkit[asr]==2.6.2->-r /WAVE/users2/unix/kkang/SeniorDesign/Whipser-Nemo/requirements_nemo.txt (line 1)) (0.23.0)
Requirement already satisfied: shellingham>=1.3.0 in ./sbatch_runtime/.venv/lib/python3.12/site-packages (from typer>=0.12.1->pyannote.database>=4.0.1->pyannote.metrics->nemo_toolkit[asr]==2.6.2->-r /WAVE/users2/unix/kkang/SeniorDesign/Whipser-Nemo/requirements_nemo.txt (line 1)) (1.5.4)
Requirement already satisfied: rich>=10.11.0 in ./sbatch_runtime/.venv/lib/python3.12/site-packages (from typer>=0.12.1->pyannote.database>=4.0.1->pyannote.metrics->nemo_toolkit[asr]==2.6.2->-r /WAVE/users2/unix/kkang/SeniorDesign/Whipser-Nemo/requirements_nemo.txt (line 1)) (14.3.2)
Requirement already satisfied: annotated-doc>=0.0.2 in ./sbatch_runtime/.venv/lib/python3.12/site-packages (from typer>=0.12.1->pyannote.database>=4.0.1->pyannote.metrics->nemo_toolkit[asr]==2.6.2->-r /WAVE/users2/unix/kkang/SeniorDesign/Whipser-Nemo/requirements_nemo.txt (line 1)) (0.0.4)
Requirement already satisfied: markdown-it-py>=2.2.0 in ./sbatch_runtime/.venv/lib/python3.12/site-packages (from rich>=10.11.0->typer>=0.12.1->pyannote.database>=4.0.1->pyannote.metrics->nemo_toolkit[asr]==2.6.2->-r /WAVE/users2/unix/kkang/SeniorDesign/Whipser-Nemo/requirements_nemo.txt (line 1)) (4.0.0)
Requirement already satisfied: mdurl~=0.1 in ./sbatch_runtime/.venv/lib/python3.12/site-packages (from markdown-it-py>=2.2.0->rich>=10.11.0->typer>=0.12.1->pyannote.database>=4.0.1->pyannote.metrics->nemo_toolkit[asr]==2.6.2->-r /WAVE/users2/unix/kkang/SeniorDesign/Whipser-Nemo/requirements_nemo.txt (line 1)) (0.1.2)
Requirement already satisfied: grpcio>=1.48.2 in ./sbatch_runtime/.venv/lib/python3.12/site-packages (from tensorboard->nemo_toolkit==2.6.2->nemo_toolkit[asr]==2.6.2->-r /WAVE/users2/unix/kkang/SeniorDesign/Whipser-Nemo/requirements_nemo.txt (line 1)) (1.78.0)
Requirement already satisfied: markdown>=2.6.8 in ./sbatch_runtime/.venv/lib/python3.12/site-packages (from tensorboard->nemo_toolkit==2.6.2->nemo_toolkit[asr]==2.6.2->-r /WAVE/users2/unix/kkang/SeniorDesign/Whipser-Nemo/requirements_nemo.txt (line 1)) (3.10.2)
Requirement already satisfied: tensorboard-data-server<0.8.0,>=0.7.0 in ./sbatch_runtime/.venv/lib/python3.12/site-packages (from tensorboard->nemo_toolkit==2.6.2->nemo_toolkit[asr]==2.6.2->-r /WAVE/users2/unix/kkang/SeniorDesign/Whipser-Nemo/requirements_nemo.txt (line 1)) (0.7.2)
Requirement already satisfied: werkzeug>=1.0.1 in ./sbatch_runtime/.venv/lib/python3.12/site-packages (from tensorboard->nemo_toolkit==2.6.2->nemo_toolkit[asr]==2.6.2->-r /WAVE/users2/unix/kkang/SeniorDesign/Whipser-Nemo/requirements_nemo.txt (line 1)) (3.1.5)
Requirement already satisfied: gitpython!=3.1.29,>=1.0.0 in ./sbatch_runtime/.venv/lib/python3.12/site-packages (from wandb->nemo_toolkit[asr]==2.6.2->-r /WAVE/users2/unix/kkang/SeniorDesign/Whipser-Nemo/requirements_nemo.txt (line 1)) (3.1.46)
Requirement already satisfied: sentry-sdk>=2.0.0 in ./sbatch_runtime/.venv/lib/python3.12/site-packages (from wandb->nemo_toolkit[asr]==2.6.2->-r /WAVE/users2/unix/kkang/SeniorDesign/Whipser-Nemo/requirements_nemo.txt (line 1)) (2.52.0)
Requirement already satisfied: gitdb<5,>=4.0.1 in ./sbatch_runtime/.venv/lib/python3.12/site-packages (from gitpython!=3.1.29,>=1.0.0->wandb->nemo_toolkit[asr]==2.6.2->-r /WAVE/users2/unix/kkang/SeniorDesign/Whipser-Nemo/requirements_nemo.txt (line 1)) (4.0.12)
Requirement already satisfied: smmap<6,>=3.0.1 in ./sbatch_runtime/.venv/lib/python3.12/site-packages (from gitdb<5,>=4.0.1->gitpython!=3.1.29,>=1.0.0->wandb->nemo_toolkit[asr]==2.6.2->-r /WAVE/users2/unix/kkang/SeniorDesign/Whipser-Nemo/requirements_nemo.txt (line 1)) (5.0.2)
Collecting indic-numtowords (from whisper_normalizer->nemo_toolkit[asr]==2.6.2->-r /WAVE/users2/unix/kkang/SeniorDesign/Whipser-Nemo/requirements_nemo.txt (line 1))
  Cloning https://github.com/AI4Bharat/indic-numtowords.git to ./sbatch_runtime/tmp/pip-install-o6slk3q6/indic-numtowords_a28331d098194eb29528f35e59e32535
  Resolved https://github.com/AI4Bharat/indic-numtowords.git to commit 167927b24ba9c843a1c62021d47fcbe71f6f177f
  Installing build dependencies: started
  Installing build dependencies: finished with status 'done'
  Getting requirements to build wheel: started
  Getting requirements to build wheel: finished with status 'done'
  Preparing metadata (pyproject.toml): started
  Preparing metadata (pyproject.toml): finished with status 'done'
