Output directory: /WAVE/users2/unix/kkang/SeniorDesign/job_outputs/youtube_bulk/youtube_bulk_job_177906
Job log directory: /WAVE/users2/unix/kkang/SeniorDesign/job_logs/youtube_bulk_job_177906
Slurm stdout/stderr: /WAVE/users2/unix/kkang/SeniorDesign/job_logs/slurm/youtube_bulk_177906.out | /WAVE/users2/unix/kkang/SeniorDesign/job_logs/slurm/youtube_bulk_177906.err
Dependencies unchanged; skipping pip install.
Diarizing Kids Give Adults Advice on Dating_B08UvVwjpG4.wav ...
Diarizing Parents & Kids Play Truth or Drink ｜ Truth or Drink ｜ Cut_iIaYJqKBK44.wav ...
Diarizing Seniors vs Children ｜ Middle Ground_CxL1b7nEFxA.wav ...
Diarizing Adorable moment of father and toddler having conversation ｜ ABC News_Yn8j4XRxSck.wav ...
All done. Outputs in /WAVE/users2/unix/kkang/SeniorDesign/job_outputs/youtube_bulk/youtube_bulk_job_177906
Per-run logs in /WAVE/users2/unix/kkang/SeniorDesign/job_logs/youtube_bulk_job_177906
total 61M
-rw-r--r-- 1 kkang kkang 1.8K Feb 19 13:40 Adorable moment of father and toddler having conversation ｜ ABC News_Yn8j4XRxSck.srt
-rw-r--r-- 1 kkang kkang  783 Feb 19 13:40 Adorable moment of father and toddler having conversation ｜ ABC News_Yn8j4XRxSck.txt
-rw-r--r-- 1 kkang kkang 2.7M Feb 19 12:59 Adorable moment of father and toddler having conversation ｜ ABC News_Yn8j4XRxSck_whisper_input.wav
-rw-r--r-- 1 kkang kkang 5.7K Feb 19 13:37 Kids Give Adults Advice on Dating_B08UvVwjpG4.srt
-rw-r--r-- 1 kkang kkang 3.0K Feb 19 13:37 Kids Give Adults Advice on Dating_B08UvVwjpG4.txt
-rw-r--r-- 1 kkang kkang 5.4M Feb 19 12:59 Kids Give Adults Advice on Dating_B08UvVwjpG4_whisper_input.wav
-rw-r--r-- 1 kkang kkang  16K Feb 19 13:38 Parents & Kids Play Truth or Drink ｜ Truth or Drink ｜ Cut_iIaYJqKBK44.srt
-rw-r--r-- 1 kkang kkang 7.9K Feb 19 13:38 Parents & Kids Play Truth or Drink ｜ Truth or Drink ｜ Cut_iIaYJqKBK44.txt
-rw-r--r-- 1 kkang kkang  17M Feb 12 15:40 Parents & Kids Play Truth or Drink ｜ Truth or Drink ｜ Cut_iIaYJqKBK44_whisper_input.wav
-rw-r--r-- 1 kkang kkang  26K Feb 19 13:39 Seniors vs Children ｜ Middle Ground_CxL1b7nEFxA.srt
-rw-r--r-- 1 kkang kkang  16K Feb 19 13:39 Seniors vs Children ｜ Middle Ground_CxL1b7nEFxA.txt
-rw-r--r-- 1 kkang kkang  36M Feb 19 12:59 Seniors vs Children ｜ Middle Ground_CxL1b7nEFxA_whisper_input.wav
